
> carmatch@0.1.2 build
> rimraf .next && prisma generate && cross-env NODE_OPTIONS=--max-old-space-size=4096 next build

node.exe : Error: EPERM: operation not permitted, scandir 'E:\carmatchapp\.next\types'
En C:\Users\52656\AppData\Roaming\npm\npm.ps1: 24 Carácter: 5
+     & "node$exe"  "$basedir/node_modules/npm/bin/npm-cli.js" $args
+     ~~~~~~~~~~~~~~~~~~~~~~~~~~~~~~~~~~~~~~~~~~~~~~~~~~~~~~~~~~~~~~
    + CategoryInfo          : NotSpecified: (Error: EPERM: o...pp\.next\types':String) [], RemoteException
    + FullyQualifiedErrorId : NativeCommandError
 
    at async Object.readdir (node:internal/fs/promises:958:18)
    at async rimrafMoveRemoveDir (file:///E:/carmatchapp/node_modules/rimraf/dist/esm/rimraf-move-remove.js:37:41)
    at async Promise.all (index 0)
    at async rimrafMoveRemoveDir (file:///E:/carmatchapp/node_modules/rimraf/dist/esm/rimraf-move-remove.js:57:25)
    at async rimrafMoveRemove (file:///E:/carmatchapp/node_modules/rimraf/dist/esm/rimraf-move-remove.js:27:14)
    at async rimrafWindowsDir (file:///E:/carmatchapp/node_modules/rimraf/dist/esm/rimraf-windows.js:105:9)
    at async rimrafWindows (file:///E:/carmatchapp/node_modules/rimraf/dist/esm/rimraf-windows.js:61:14)
    at async Promise.all (index 0)
    at async file:///E:/carmatchapp/node_modules/rimraf/dist/esm/index.js:17:19
    at async main (file:///E:/carmatchapp/node_modules/rimraf/dist/esm/bin.mjs:242:9) {
  errno: -4048,
  code: 'EPERM',
  syscall: 'scandir',
  path: 'E:\\carmatchapp\\.next\\types'
}
