[low_level_alloc.cc : 554] RAW: Check new_pages != nullptr failed: VirtualAlloc failed
En C:\Users\52656\AppData\Roaming\npm\npm.ps1: 24 Carácter: 5
+     & "node$exe"  "$basedir/node_modules/npm/bin/npm-cli.js" $args
+     ~~~~~~~~~~~~~~~~~~~~~~~~~~~~~~~~~~~~~~~~~~~~~~~~~~~~~~~~~~~~~~
    + CategoryInfo          : NotSpecified: ([low_level_allo...ualAlloc failed:String) [], RemoteException
    + FullyQualifiedErrorId : NativeCommandError
 
